Archive member included to satisfy reference by file (symbol)

c:/program files (x86)/atmel/studio/7.0/toolchain/avr8/avr8-gnu-toolchain/bin/../lib/gcc/avr/5.4.0/avr5\libgcc.a(_exit.o)
                              C:/Program Files/Microchip/MPLABX/v5.45/packs/Microchip/ATmega_DFP/2.2.108/gcc/dev/atmega328pb/avr5/crtatmega328pb.o (exit)
c:/program files (x86)/atmel/studio/7.0/toolchain/avr8/avr8-gnu-toolchain/bin/../lib/gcc/avr/5.4.0/avr5\libgcc.a(_copy_data.o)
                              build/default/production/mcc_generated_files/src/usart0.o (__do_copy_data)
c:/program files (x86)/atmel/studio/7.0/toolchain/avr8/avr8-gnu-toolchain/bin/../lib/gcc/avr/5.4.0/avr5\libgcc.a(_clear_bss.o)
                              build/default/production/mcc_generated_files/src/adc.o (__do_clear_bss)
c:/program files (x86)/atmel/studio/7.0/toolchain/avr8/avr8-gnu-toolchain/bin/../lib/gcc/avr/5.4.0/../../../../avr/lib/avr5\libc.a(iob.o)
                              build/default/production/mcc_generated_files/src/usart0.o (__iob)
c:/program files (x86)/atmel/studio/7.0/toolchain/avr8/avr8-gnu-toolchain/bin/../lib/gcc/avr/5.4.0/../../../../avr/lib/avr5\libc.a(puts.o)
                              build/default/production/main.o (puts)

Allocating common symbols
Common symbol       size              file

__iob               0x6               c:/program files (x86)/atmel/studio/7.0/toolchain/avr8/avr8-gnu-toolchain/bin/../lib/gcc/avr/5.4.0/../../../../avr/lib/avr5\libc.a(iob.o)

Discarded input sections

 .data          0x00000000        0x0 C:/Program Files/Microchip/MPLABX/v5.45/packs/Microchip/ATmega_DFP/2.2.108/gcc/dev/atmega328pb/avr5/crtatmega328pb.o
 .bss           0x00000000        0x0 C:/Program Files/Microchip/MPLABX/v5.45/packs/Microchip/ATmega_DFP/2.2.108/gcc/dev/atmega328pb/avr5/crtatmega328pb.o
 .text          0x00000000        0x0 build/default/production/mcc_generated_files/src/adc.o
 .data          0x00000000        0x0 build/default/production/mcc_generated_files/src/adc.o
 .bss           0x00000000        0x0 build/default/production/mcc_generated_files/src/adc.o
 .text.ADC_Enable
                0x00000000        0xc build/default/production/mcc_generated_files/src/adc.o
 .text.ADC_Disable
                0x00000000        0xc build/default/production/mcc_generated_files/src/adc.o
 .text.ADC_StartConversion
                0x00000000       0x1c build/default/production/mcc_generated_files/src/adc.o
 .text.ADC_IsConversionDone
                0x00000000        0xa build/default/production/mcc_generated_files/src/adc.o
 .text.ADC_GetConversionResult
                0x00000000        0xe build/default/production/mcc_generated_files/src/adc.o
 .text.ADC_GetConversion
                0x00000000       0x1c build/default/production/mcc_generated_files/src/adc.o
 .text.ADC_GetResolution
                0x00000000        0x4 build/default/production/mcc_generated_files/src/adc.o
 .text.ADC_RegisterCallback
                0x00000000        0xa build/default/production/mcc_generated_files/src/adc.o
 .text          0x00000000        0x0 build/default/production/mcc_generated_files/src/usart0.o
 .data          0x00000000        0x0 build/default/production/mcc_generated_files/src/usart0.o
 .bss           0x00000000        0x0 build/default/production/mcc_generated_files/src/usart0.o
 .text.USART0_Enable
                0x00000000        0xc build/default/production/mcc_generated_files/src/usart0.o
 .text.USART0_EnableRx
                0x00000000        0xc build/default/production/mcc_generated_files/src/usart0.o
 .text.USART0_EnableTx
                0x00000000        0xc build/default/production/mcc_generated_files/src/usart0.o
 .text.USART0_Disable
                0x00000000        0xc build/default/production/mcc_generated_files/src/usart0.o
 .text.USART0_GetData
                0x00000000        0x6 build/default/production/mcc_generated_files/src/usart0.o
 .text.USART0_IsTxReady
                0x00000000        0xc build/default/production/mcc_generated_files/src/usart0.o
 .text.USART0_IsRxReady
                0x00000000        0xc build/default/production/mcc_generated_files/src/usart0.o
 .text.USART0_IsTxBusy
                0x00000000       0x10 build/default/production/mcc_generated_files/src/usart0.o
 .text.USART0_IsTxDone
                0x00000000        0xc build/default/production/mcc_generated_files/src/usart0.o
 .text.USART0_Read
                0x00000000       0x10 build/default/production/mcc_generated_files/src/usart0.o
 .text          0x00000000        0x0 build/default/production/mcc_generated_files/src/tc0.o
 .data          0x00000000        0x0 build/default/production/mcc_generated_files/src/tc0.o
 .bss           0x00000000        0x0 build/default/production/mcc_generated_files/src/tc0.o
 .text.TC0_SetOVFIsrCallback
                0x00000000        0xa build/default/production/mcc_generated_files/src/tc0.o
 .text.TC0_SetCMPAIsrCallback
                0x00000000        0xa build/default/production/mcc_generated_files/src/tc0.o
 .text.TC0_SetCMPBIsrCallback
                0x00000000        0xa build/default/production/mcc_generated_files/src/tc0.o
 .text.TC0_WriteTimer
                0x00000000        0x4 build/default/production/mcc_generated_files/src/tc0.o
 .text.TC0_ReadTimer
                0x00000000        0x4 build/default/production/mcc_generated_files/src/tc0.o
 .text.TC0_EnableInterrupt
                0x00000000        0x8 build/default/production/mcc_generated_files/src/tc0.o
 .text.TC0_DisableInterrupt
                0x00000000        0x6 build/default/production/mcc_generated_files/src/tc0.o
 .text.TC0_ClearOverflowInterruptFlag
                0x00000000        0x6 build/default/production/mcc_generated_files/src/tc0.o
 .text.TC0_IsOverflowInterruptEnabled
                0x00000000        0x8 build/default/production/mcc_generated_files/src/tc0.o
 .text          0x00000000        0x0 build/default/production/mcc_generated_files/src/cpuint.o
 .data          0x00000000        0x0 build/default/production/mcc_generated_files/src/cpuint.o
 .bss           0x00000000        0x0 build/default/production/mcc_generated_files/src/cpuint.o
 .text          0x00000000        0x0 build/default/production/mcc_generated_files/src/pin_manager.o
 .data          0x00000000        0x0 build/default/production/mcc_generated_files/src/pin_manager.o
 .bss           0x00000000        0x0 build/default/production/mcc_generated_files/src/pin_manager.o
 .text.PORT_Initialize
                0x00000000        0x2 build/default/production/mcc_generated_files/src/pin_manager.o
 .text          0x00000000        0x0 build/default/production/mcc_generated_files/src/protected_io.o
 .data          0x00000000        0x0 build/default/production/mcc_generated_files/src/protected_io.o
 .bss           0x00000000        0x0 build/default/production/mcc_generated_files/src/protected_io.o
 .text.protected_write_io
                0x00000000        0x8 build/default/production/mcc_generated_files/src/protected_io.o
 .text          0x00000000        0x0 build/default/production/mcc_generated_files/mcc.o
 .data          0x00000000        0x0 build/default/production/mcc_generated_files/mcc.o
 .bss           0x00000000        0x0 build/default/production/mcc_generated_files/mcc.o
 .text.WDT_Initialize
                0x00000000        0x8 build/default/production/mcc_generated_files/mcc.o
 .text          0x00000000        0x0 build/default/production/mcc_generated_files/device_config.o
 .data          0x00000000        0x0 build/default/production/mcc_generated_files/device_config.o
 .bss           0x00000000        0x0 build/default/production/mcc_generated_files/device_config.o
 .text          0x00000000        0x0 build/default/production/main.o
 .data          0x00000000        0x0 build/default/production/main.o
 .bss           0x00000000        0x0 build/default/production/main.o
 .text          0x00000000        0x0 c:/program files (x86)/atmel/studio/7.0/toolchain/avr8/avr8-gnu-toolchain/bin/../lib/gcc/avr/5.4.0/avr5\libgcc.a(_exit.o)
 .data          0x00000000        0x0 c:/program files (x86)/atmel/studio/7.0/toolchain/avr8/avr8-gnu-toolchain/bin/../lib/gcc/avr/5.4.0/avr5\libgcc.a(_exit.o)
 .bss           0x00000000        0x0 c:/program files (x86)/atmel/studio/7.0/toolchain/avr8/avr8-gnu-toolchain/bin/../lib/gcc/avr/5.4.0/avr5\libgcc.a(_exit.o)
 .text.libgcc.mul
                0x00000000        0x0 c:/program files (x86)/atmel/studio/7.0/toolchain/avr8/avr8-gnu-toolchain/bin/../lib/gcc/avr/5.4.0/avr5\libgcc.a(_exit.o)
 .text.libgcc.div
                0x00000000        0x0 c:/program files (x86)/atmel/studio/7.0/toolchain/avr8/avr8-gnu-toolchain/bin/../lib/gcc/avr/5.4.0/avr5\libgcc.a(_exit.o)
 .text.libgcc   0x00000000        0x0 c:/program files (x86)/atmel/studio/7.0/toolchain/avr8/avr8-gnu-toolchain/bin/../lib/gcc/avr/5.4.0/avr5\libgcc.a(_exit.o)
 .text.libgcc.prologue
                0x00000000        0x0 c:/program files (x86)/atmel/studio/7.0/toolchain/avr8/avr8-gnu-toolchain/bin/../lib/gcc/avr/5.4.0/avr5\libgcc.a(_exit.o)
 .text.libgcc.builtins
                0x00000000        0x0 c:/program files (x86)/atmel/studio/7.0/toolchain/avr8/avr8-gnu-toolchain/bin/../lib/gcc/avr/5.4.0/avr5\libgcc.a(_exit.o)
 .text.libgcc.fmul
                0x00000000        0x0 c:/program files (x86)/atmel/studio/7.0/toolchain/avr8/avr8-gnu-toolchain/bin/../lib/gcc/avr/5.4.0/avr5\libgcc.a(_exit.o)
 .text.libgcc.fixed
                0x00000000        0x0 c:/program files (x86)/atmel/studio/7.0/toolchain/avr8/avr8-gnu-toolchain/bin/../lib/gcc/avr/5.4.0/avr5\libgcc.a(_exit.o)
 .text          0x00000000        0x0 c:/program files (x86)/atmel/studio/7.0/toolchain/avr8/avr8-gnu-toolchain/bin/../lib/gcc/avr/5.4.0/avr5\libgcc.a(_copy_data.o)
 .data          0x00000000        0x0 c:/program files (x86)/atmel/studio/7.0/toolchain/avr8/avr8-gnu-toolchain/bin/../lib/gcc/avr/5.4.0/avr5\libgcc.a(_copy_data.o)
 .bss           0x00000000        0x0 c:/program files (x86)/atmel/studio/7.0/toolchain/avr8/avr8-gnu-toolchain/bin/../lib/gcc/avr/5.4.0/avr5\libgcc.a(_copy_data.o)
 .text.libgcc.mul
                0x00000000        0x0 c:/program files (x86)/atmel/studio/7.0/toolchain/avr8/avr8-gnu-toolchain/bin/../lib/gcc/avr/5.4.0/avr5\libgcc.a(_copy_data.o)
 .text.libgcc.div
                0x00000000        0x0 c:/program files (x86)/atmel/studio/7.0/toolchain/avr8/avr8-gnu-toolchain/bin/../lib/gcc/avr/5.4.0/avr5\libgcc.a(_copy_data.o)
 .text.libgcc   0x00000000        0x0 c:/program files (x86)/atmel/studio/7.0/toolchain/avr8/avr8-gnu-toolchain/bin/../lib/gcc/avr/5.4.0/avr5\libgcc.a(_copy_data.o)
 .text.libgcc.prologue
                0x00000000        0x0 c:/program files (x86)/atmel/studio/7.0/toolchain/avr8/avr8-gnu-toolchain/bin/../lib/gcc/avr/5.4.0/avr5\libgcc.a(_copy_data.o)
 .text.libgcc.builtins
                0x00000000        0x0 c:/program files (x86)/atmel/studio/7.0/toolchain/avr8/avr8-gnu-toolchain/bin/../lib/gcc/avr/5.4.0/avr5\libgcc.a(_copy_data.o)
 .text.libgcc.fmul
                0x00000000        0x0 c:/program files (x86)/atmel/studio/7.0/toolchain/avr8/avr8-gnu-toolchain/bin/../lib/gcc/avr/5.4.0/avr5\libgcc.a(_copy_data.o)
 .text.libgcc.fixed
                0x00000000        0x0 c:/program files (x86)/atmel/studio/7.0/toolchain/avr8/avr8-gnu-toolchain/bin/../lib/gcc/avr/5.4.0/avr5\libgcc.a(_copy_data.o)
 .text          0x00000000        0x0 c:/program files (x86)/atmel/studio/7.0/toolchain/avr8/avr8-gnu-toolchain/bin/../lib/gcc/avr/5.4.0/avr5\libgcc.a(_clear_bss.o)
 .data          0x00000000        0x0 c:/program files (x86)/atmel/studio/7.0/toolchain/avr8/avr8-gnu-toolchain/bin/../lib/gcc/avr/5.4.0/avr5\libgcc.a(_clear_bss.o)
 .bss           0x00000000        0x0 c:/program files (x86)/atmel/studio/7.0/toolchain/avr8/avr8-gnu-toolchain/bin/../lib/gcc/avr/5.4.0/avr5\libgcc.a(_clear_bss.o)
 .text.libgcc.mul
                0x00000000        0x0 c:/program files (x86)/atmel/studio/7.0/toolchain/avr8/avr8-gnu-toolchain/bin/../lib/gcc/avr/5.4.0/avr5\libgcc.a(_clear_bss.o)
 .text.libgcc.div
                0x00000000        0x0 c:/program files (x86)/atmel/studio/7.0/toolchain/avr8/avr8-gnu-toolchain/bin/../lib/gcc/avr/5.4.0/avr5\libgcc.a(_clear_bss.o)
 .text.libgcc   0x00000000        0x0 c:/program files (x86)/atmel/studio/7.0/toolchain/avr8/avr8-gnu-toolchain/bin/../lib/gcc/avr/5.4.0/avr5\libgcc.a(_clear_bss.o)
 .text.libgcc.prologue
                0x00000000        0x0 c:/program files (x86)/atmel/studio/7.0/toolchain/avr8/avr8-gnu-toolchain/bin/../lib/gcc/avr/5.4.0/avr5\libgcc.a(_clear_bss.o)
 .text.libgcc.builtins
                0x00000000        0x0 c:/program files (x86)/atmel/studio/7.0/toolchain/avr8/avr8-gnu-toolchain/bin/../lib/gcc/avr/5.4.0/avr5\libgcc.a(_clear_bss.o)
 .text.libgcc.fmul
                0x00000000        0x0 c:/program files (x86)/atmel/studio/7.0/toolchain/avr8/avr8-gnu-toolchain/bin/../lib/gcc/avr/5.4.0/avr5\libgcc.a(_clear_bss.o)
 .text.libgcc.fixed
                0x00000000        0x0 c:/program files (x86)/atmel/studio/7.0/toolchain/avr8/avr8-gnu-toolchain/bin/../lib/gcc/avr/5.4.0/avr5\libgcc.a(_clear_bss.o)
 .text          0x00000000        0x0 c:/program files (x86)/atmel/studio/7.0/toolchain/avr8/avr8-gnu-toolchain/bin/../lib/gcc/avr/5.4.0/../../../../avr/lib/avr5\libc.a(iob.o)
 .data          0x00000000        0x0 c:/program files (x86)/atmel/studio/7.0/toolchain/avr8/avr8-gnu-toolchain/bin/../lib/gcc/avr/5.4.0/../../../../avr/lib/avr5\libc.a(iob.o)
 .bss           0x00000000        0x0 c:/program files (x86)/atmel/studio/7.0/toolchain/avr8/avr8-gnu-toolchain/bin/../lib/gcc/avr/5.4.0/../../../../avr/lib/avr5\libc.a(iob.o)
 .text          0x00000000        0x0 c:/program files (x86)/atmel/studio/7.0/toolchain/avr8/avr8-gnu-toolchain/bin/../lib/gcc/avr/5.4.0/../../../../avr/lib/avr5\libc.a(puts.o)
 .data          0x00000000        0x0 c:/program files (x86)/atmel/studio/7.0/toolchain/avr8/avr8-gnu-toolchain/bin/../lib/gcc/avr/5.4.0/../../../../avr/lib/avr5\libc.a(puts.o)
 .bss           0x00000000        0x0 c:/program files (x86)/atmel/studio/7.0/toolchain/avr8/avr8-gnu-toolchain/bin/../lib/gcc/avr/5.4.0/../../../../avr/lib/avr5\libc.a(puts.o)

Memory Configuration

Name             Origin             Length             Attributes
text             0x00000000         0x00008000         xr
data             0x00800100         0x00000800         rw !x
eeprom           0x00810000         0x00000400         rw !x
fuse             0x00820000         0x00000003         rw !x
lock             0x00830000         0x00000400         rw !x
signature        0x00840000         0x00000400         rw !x
user_signatures  0x00850000         0x00000400         rw !x
*default*        0x00000000         0xffffffff

Linker script and memory map

Address of section .data set to 0x800100
LOAD C:/Program Files/Microchip/MPLABX/v5.45/packs/Microchip/ATmega_DFP/2.2.108/gcc/dev/atmega328pb/avr5/crtatmega328pb.o
LOAD build/default/production/mcc_generated_files/src/adc.o
LOAD build/default/production/mcc_generated_files/src/usart0.o
LOAD build/default/production/mcc_generated_files/src/tc0.o
LOAD build/default/production/mcc_generated_files/src/cpuint.o
LOAD build/default/production/mcc_generated_files/src/pin_manager.o
LOAD build/default/production/mcc_generated_files/src/protected_io.o
LOAD build/default/production/mcc_generated_files/mcc.o
LOAD build/default/production/mcc_generated_files/device_config.o
LOAD build/default/production/main.o
                0x00000001                __MPLAB_BUILD = 0x1
START GROUP
LOAD c:/program files (x86)/atmel/studio/7.0/toolchain/avr8/avr8-gnu-toolchain/bin/../lib/gcc/avr/5.4.0/../../../../avr/lib/avr5\libm.a
END GROUP
START GROUP
LOAD c:/program files (x86)/atmel/studio/7.0/toolchain/avr8/avr8-gnu-toolchain/bin/../lib/gcc/avr/5.4.0/avr5\libgcc.a
LOAD c:/program files (x86)/atmel/studio/7.0/toolchain/avr8/avr8-gnu-toolchain/bin/../lib/gcc/avr/5.4.0/../../../../avr/lib/avr5\libm.a
LOAD c:/program files (x86)/atmel/studio/7.0/toolchain/avr8/avr8-gnu-toolchain/bin/../lib/gcc/avr/5.4.0/../../../../avr/lib/avr5\libc.a
LOAD C:/Program Files/Microchip/MPLABX/v5.45/packs/Microchip/ATmega_DFP/2.2.108/gcc/dev/atmega328pb/avr5\libatmega328pb.a
END GROUP
                [0x00000000]                __TEXT_REGION_ORIGIN__ = DEFINED (__TEXT_REGION_ORIGIN__)?__TEXT_REGION_ORIGIN__:0x0
                [0x00800100]                __DATA_REGION_ORIGIN__ = DEFINED (__DATA_REGION_ORIGIN__)?__DATA_REGION_ORIGIN__:0x800060
                [0x00008000]                __TEXT_REGION_LENGTH__ = DEFINED (__TEXT_REGION_LENGTH__)?__TEXT_REGION_LENGTH__:0x20000
                [0x00000800]                __DATA_REGION_LENGTH__ = DEFINED (__DATA_REGION_LENGTH__)?__DATA_REGION_LENGTH__:0xffa0
                [0x00000400]                __EEPROM_REGION_LENGTH__ = DEFINED (__EEPROM_REGION_LENGTH__)?__EEPROM_REGION_LENGTH__:0x10000
                [0x00000003]                __FUSE_REGION_LENGTH__ = DEFINED (__FUSE_REGION_LENGTH__)?__FUSE_REGION_LENGTH__:0x400
                0x00000400                __LOCK_REGION_LENGTH__ = DEFINED (__LOCK_REGION_LENGTH__)?__LOCK_REGION_LENGTH__:0x400
                0x00000400                __SIGNATURE_REGION_LENGTH__ = DEFINED (__SIGNATURE_REGION_LENGTH__)?__SIGNATURE_REGION_LENGTH__:0x400
                0x00000400                __USER_SIGNATURE_REGION_LENGTH__ = DEFINED (__USER_SIGNATURE_REGION_LENGTH__)?__USER_SIGNATURE_REGION_LENGTH__:0x400

.hash
 *(.hash)

.dynsym
 *(.dynsym)

.dynstr
 *(.dynstr)

.gnu.version
 *(.gnu.version)

.gnu.version_d
 *(.gnu.version_d)

.gnu.version_r
 *(.gnu.version_r)

.rel.init
 *(.rel.init)

.rela.init
 *(.rela.init)

.rel.text
 *(.rel.text)
 *(.rel.text.*)
 *(.rel.gnu.linkonce.t*)

.rela.text
 *(.rela.text)
 *(.rela.text.*)
 *(.rela.gnu.linkonce.t*)

.rel.fini
 *(.rel.fini)

.rela.fini
 *(.rela.fini)

.rel.rodata
 *(.rel.rodata)
 *(.rel.rodata.*)
 *(.rel.gnu.linkonce.r*)

.rela.rodata
 *(.rela.rodata)
 *(.rela.rodata.*)
 *(.rela.gnu.linkonce.r*)

.rel.data
 *(.rel.data)
 *(.rel.data.*)
 *(.rel.gnu.linkonce.d*)

.rela.data
 *(.rela.data)
 *(.rela.data.*)
 *(.rela.gnu.linkonce.d*)

.rel.ctors
 *(.rel.ctors)

.rela.ctors
 *(.rela.ctors)

.rel.dtors
 *(.rel.dtors)

.rela.dtors
 *(.rela.dtors)

.rel.got
 *(.rel.got)

.rela.got
 *(.rela.got)

.rel.bss
 *(.rel.bss)

.rela.bss
 *(.rela.bss)

.rel.plt
 *(.rel.plt)

.rela.plt
 *(.rela.plt)

.text           0x00000000      0x3cc
 *(.vectors)
 .vectors       0x00000000       0xb4 C:/Program Files/Microchip/MPLABX/v5.45/packs/Microchip/ATmega_DFP/2.2.108/gcc/dev/atmega328pb/avr5/crtatmega328pb.o
                0x00000000                __vector_default
                0x00000000                __vectors
 *(.vectors)
 *(.progmem.gcc*)
                0x000000b4                . = ALIGN (0x2)
                0x000000b4                __trampolines_start = .
 *(.trampolines)
 .trampolines   0x000000b4        0x0 linker stubs
 *(.trampolines*)
                0x000000b4                __trampolines_end = .
 *libprintf_flt.a:*(.progmem.data)
 *libc.a:*(.progmem.data)
 *(.progmem*)
                0x000000b4                . = ALIGN (0x2)
 *(.jumptables)
 *(.jumptables*)
 *(.lowtext)
 *(.lowtext*)
                0x000000b4                __ctors_start = .
 *(.ctors)
                0x000000b4                __ctors_end = .
                0x000000b4                __dtors_start = .
 *(.dtors)
                0x000000b4                __dtors_end = .
 SORT(*)(.ctors)
 SORT(*)(.dtors)
 *(.init0)
 .init0         0x000000b4        0x0 C:/Program Files/Microchip/MPLABX/v5.45/packs/Microchip/ATmega_DFP/2.2.108/gcc/dev/atmega328pb/avr5/crtatmega328pb.o
                0x000000b4                __init
 *(.init0)
 *(.init1)
 *(.init1)
 *(.init2)
 .init2         0x000000b4        0xc C:/Program Files/Microchip/MPLABX/v5.45/packs/Microchip/ATmega_DFP/2.2.108/gcc/dev/atmega328pb/avr5/crtatmega328pb.o
 *(.init2)
 *(.init3)
 *(.init3)
 *(.init4)
 .init4         0x000000c0       0x16 c:/program files (x86)/atmel/studio/7.0/toolchain/avr8/avr8-gnu-toolchain/bin/../lib/gcc/avr/5.4.0/avr5\libgcc.a(_copy_data.o)
                0x000000c0                __do_copy_data
 .init4         0x000000d6       0x10 c:/program files (x86)/atmel/studio/7.0/toolchain/avr8/avr8-gnu-toolchain/bin/../lib/gcc/avr/5.4.0/avr5\libgcc.a(_clear_bss.o)
                0x000000d6                __do_clear_bss
 *(.init4)
 *(.init5)
 *(.init5)
 *(.init6)
 *(.init6)
 *(.init7)
 *(.init7)
 *(.init8)
 *(.init8)
 *(.init9)
 .init9         0x000000e6        0x8 C:/Program Files/Microchip/MPLABX/v5.45/packs/Microchip/ATmega_DFP/2.2.108/gcc/dev/atmega328pb/avr5/crtatmega328pb.o
 *(.init9)
 *(.text)
 .text          0x000000ee        0x4 C:/Program Files/Microchip/MPLABX/v5.45/packs/Microchip/ATmega_DFP/2.2.108/gcc/dev/atmega328pb/avr5/crtatmega328pb.o
                0x000000ee                __vector_38
                0x000000ee                __vector_22
                0x000000ee                __vector_28
                0x000000ee                __vector_1
                0x000000ee                __vector_32
                0x000000ee                __vector_34
                0x000000ee                __vector_24
                0x000000ee                __vector_12
                0x000000ee                __bad_interrupt
                0x000000ee                __vector_31
                0x000000ee                __vector_35
                0x000000ee                __vector_39
                0x000000ee                __vector_3
                0x000000ee                __vector_23
                0x000000ee                __vector_30
                0x000000ee                __vector_25
                0x000000ee                __vector_11
                0x000000ee                __vector_13
                0x000000ee                __vector_17
                0x000000ee                __vector_19
                0x000000ee                __vector_7
                0x000000ee                __vector_41
                0x000000ee                __vector_43
                0x000000ee                __vector_27
                0x000000ee                __vector_5
                0x000000ee                __vector_33
                0x000000ee                __vector_37
                0x000000ee                __vector_4
                0x000000ee                __vector_44
                0x000000ee                __vector_9
                0x000000ee                __vector_2
                0x000000ee                __vector_36
                0x000000ee                __vector_29
                0x000000ee                __vector_40
                0x000000ee                __vector_8
                0x000000ee                __vector_26
                0x000000ee                __vector_10
                0x000000ee                __vector_18
                0x000000ee                __vector_20
                0x000000ee                __vector_42
                0x000000f2                . = ALIGN (0x2)
 *(.text.*)
 .text.ADC_Initialize
                0x000000f2       0x12 build/default/production/mcc_generated_files/src/adc.o
                0x000000f2                ADC_Initialize
 .text.__vector_21
                0x00000104       0x52 build/default/production/mcc_generated_files/src/adc.o
                0x00000104                __vector_21
 .text.USART0_Initialize
                0x00000156       0x2e build/default/production/mcc_generated_files/src/usart0.o
                0x00000156                USART0_Initialize
 .text.USART0_Write
                0x00000184       0x10 build/default/production/mcc_generated_files/src/usart0.o
                0x00000184                USART0_Write
 .text.USART0_printCHAR
                0x00000194        0xa build/default/production/mcc_generated_files/src/usart0.o
                0x00000194                USART0_printCHAR
 .text.TC0_DefaultCMPAIsrCallback
                0x0000019e        0x2 build/default/production/mcc_generated_files/src/tc0.o
                0x0000019e                TC0_DefaultCMPAIsrCallback
 .text.TC0_DefaultCMPBIsrCallback
                0x000001a0        0x2 build/default/production/mcc_generated_files/src/tc0.o
                0x000001a0                TC0_DefaultCMPBIsrCallback
 .text.TC0_DefaultOVFIsrCallback
                0x000001a2        0x2 build/default/production/mcc_generated_files/src/tc0.o
                0x000001a2                TC0_DefaultOVFIsrCallback
 .text.__vector_14
                0x000001a4       0x56 build/default/production/mcc_generated_files/src/tc0.o
                0x000001a4                __vector_14
 .text.__vector_15
                0x000001fa       0x56 build/default/production/mcc_generated_files/src/tc0.o
                0x000001fa                __vector_15
 .text.__vector_16
                0x00000250       0x54 build/default/production/mcc_generated_files/src/tc0.o
                0x00000250                __vector_16
 .text.TC0_Initialize
                0x000002a4       0x1a build/default/production/mcc_generated_files/src/tc0.o
                0x000002a4                TC0_Initialize
 .text.CPUINT_Initialize
                0x000002be       0x10 build/default/production/mcc_generated_files/src/cpuint.o
                0x000002be                CPUINT_Initialize
 .text.PIN_MANAGER_Initialize
                0x000002ce       0x1e build/default/production/mcc_generated_files/src/pin_manager.o
                0x000002ce                PIN_MANAGER_Initialize
 .text.__vector_6
                0x000002ec       0x2a build/default/production/mcc_generated_files/mcc.o
                0x000002ec                __vector_6
 .text.CPU_Initialize
                0x00000316       0x14 build/default/production/mcc_generated_files/mcc.o
                0x00000316                CPU_Initialize
 .text.SYSTEM_Initialize
                0x0000032a       0x1e build/default/production/mcc_generated_files/mcc.o
                0x0000032a                SYSTEM_Initialize
 .text.main     0x00000348       0x20 build/default/production/main.o
                0x00000348                main
 .text.avr-libc
                0x00000368       0x60 c:/program files (x86)/atmel/studio/7.0/toolchain/avr8/avr8-gnu-toolchain/bin/../lib/gcc/avr/5.4.0/../../../../avr/lib/avr5\libc.a(puts.o)
                0x00000368                puts
                0x000003c8                . = ALIGN (0x2)
 *(.fini9)
 .fini9         0x000003c8        0x0 c:/program files (x86)/atmel/studio/7.0/toolchain/avr8/avr8-gnu-toolchain/bin/../lib/gcc/avr/5.4.0/avr5\libgcc.a(_exit.o)
                0x000003c8                _exit
                0x000003c8                exit
 *(.fini9)
 *(.fini8)
 *(.fini8)
 *(.fini7)
 *(.fini7)
 *(.fini6)
 *(.fini6)
 *(.fini5)
 *(.fini5)
 *(.fini4)
 *(.fini4)
 *(.fini3)
 *(.fini3)
 *(.fini2)
 *(.fini2)
 *(.fini1)
 *(.fini1)
 *(.fini0)
 .fini0         0x000003c8        0x4 c:/program files (x86)/atmel/studio/7.0/toolchain/avr8/avr8-gnu-toolchain/bin/../lib/gcc/avr/5.4.0/avr5\libgcc.a(_exit.o)
 *(.fini0)
                0x000003cc                _etext = .

.data           0x00800100       0x20 load address 0x000003cc
                0x00800100                PROVIDE (__data_start, .)
 *(.data)
 *(.data*)
 .data.USART0_stream
                0x00800100        0xe build/default/production/mcc_generated_files/src/usart0.o
                0x00800100                USART0_stream
 .data.TC0_OVF_isr_cb
                0x0080010e        0x2 build/default/production/mcc_generated_files/src/tc0.o
                0x0080010e                TC0_OVF_isr_cb
 .data.TC0_CMPB_isr_cb
                0x00800110        0x2 build/default/production/mcc_generated_files/src/tc0.o
                0x00800110                TC0_CMPB_isr_cb
 .data.TC0_CMPA_isr_cb
                0x00800112        0x2 build/default/production/mcc_generated_files/src/tc0.o
                0x00800112                TC0_CMPA_isr_cb
 *(.gnu.linkonce.d*)
 *(.rodata)
 *(.rodata*)
 .rodata.str1.1
                0x00800114        0xc build/default/production/main.o
 *(.gnu.linkonce.r*)
                0x00800120                . = ALIGN (0x2)
                0x00800120                _edata = .
                0x00800120                PROVIDE (__data_end, .)

.bss            0x00800120        0x8
                0x00800120                PROVIDE (__bss_start, .)
 *(.bss)
 *(.bss*)
 .bss.ADC_cb    0x00800120        0x2 build/default/production/mcc_generated_files/src/adc.o
                0x00800120                ADC_cb
 *(COMMON)
 COMMON         0x00800122        0x6 c:/program files (x86)/atmel/studio/7.0/toolchain/avr8/avr8-gnu-toolchain/bin/../lib/gcc/avr/5.4.0/../../../../avr/lib/avr5\libc.a(iob.o)
                0x00800122                __iob
                0x00800128                PROVIDE (__bss_end, .)
                0x000003cc                __data_load_start = LOADADDR (.data)
                0x000003ec                __data_load_end = (__data_load_start + SIZEOF (.data))

.noinit         0x00800128        0x0
                [!provide]                PROVIDE (__noinit_start, .)
 *(.noinit*)
                [!provide]                PROVIDE (__noinit_end, .)
                0x00800128                _end = .
                [!provide]                PROVIDE (__heap_start, .)

.eeprom         0x00810000        0x0
 *(.eeprom*)
                0x00810000                __eeprom_end = .

.fuse           0x00820000        0x3
 *(.fuse)
 .fuse          0x00820000        0x3 build/default/production/mcc_generated_files/device_config.o
                0x00820000                __fuse
 *(.lfuse)
 *(.hfuse)
 *(.efuse)

.lock
 *(.lock*)

.signature
 *(.signature*)

.user_signatures
 *(.user_signatures*)

.stab
 *(.stab)

.stabstr
 *(.stabstr)

.stab.excl
 *(.stab.excl)

.stab.exclstr
 *(.stab.exclstr)

.stab.index
 *(.stab.index)

.stab.indexstr
 *(.stab.indexstr)

.comment        0x00000000       0x30
 *(.comment)
 .comment       0x00000000       0x30 build/default/production/mcc_generated_files/src/adc.o
                                 0x31 (size before relaxing)
 .comment       0x00000030       0x31 build/default/production/mcc_generated_files/src/usart0.o
 .comment       0x00000030       0x31 build/default/production/mcc_generated_files/src/tc0.o
 .comment       0x00000030       0x31 build/default/production/mcc_generated_files/src/cpuint.o
 .comment       0x00000030       0x31 build/default/production/mcc_generated_files/src/pin_manager.o
 .comment       0x00000030       0x31 build/default/production/mcc_generated_files/mcc.o
 .comment       0x00000030       0x31 build/default/production/mcc_generated_files/device_config.o
 .comment       0x00000030       0x31 build/default/production/main.o
 .comment       0x00000030       0x31 c:/program files (x86)/atmel/studio/7.0/toolchain/avr8/avr8-gnu-toolchain/bin/../lib/gcc/avr/5.4.0/../../../../avr/lib/avr5\libc.a(iob.o)
 .comment       0x00000030       0x31 c:/program files (x86)/atmel/studio/7.0/toolchain/avr8/avr8-gnu-toolchain/bin/../lib/gcc/avr/5.4.0/../../../../avr/lib/avr5\libc.a(puts.o)

.note.gnu.avr.deviceinfo
                0x00000000       0x40
 .note.gnu.avr.deviceinfo
                0x00000000       0x40 C:/Program Files/Microchip/MPLABX/v5.45/packs/Microchip/ATmega_DFP/2.2.108/gcc/dev/atmega328pb/avr5/crtatmega328pb.o

.note.gnu.build-id
 *(.note.gnu.build-id)

.debug
 *(.debug)

.line
 *(.line)

.debug_srcinfo
 *(.debug_srcinfo)

.debug_sfnames
 *(.debug_sfnames)

.debug_aranges
 *(.debug_aranges)

.debug_pubnames
 *(.debug_pubnames)

.debug_info     0x00000000      0x8ea
 *(.debug_info .gnu.linkonce.wi.*)
 .debug_info    0x00000000      0x8ea C:/Program Files/Microchip/MPLABX/v5.45/packs/Microchip/ATmega_DFP/2.2.108/gcc/dev/atmega328pb/avr5/crtatmega328pb.o

.debug_abbrev   0x00000000      0x86e
 *(.debug_abbrev)
 .debug_abbrev  0x00000000      0x86e C:/Program Files/Microchip/MPLABX/v5.45/packs/Microchip/ATmega_DFP/2.2.108/gcc/dev/atmega328pb/avr5/crtatmega328pb.o

.debug_line     0x00000000      0x1a6
 *(.debug_line .debug_line.* .debug_line_end)
 .debug_line    0x00000000      0x1a6 C:/Program Files/Microchip/MPLABX/v5.45/packs/Microchip/ATmega_DFP/2.2.108/gcc/dev/atmega328pb/avr5/crtatmega328pb.o

.debug_frame
 *(.debug_frame)

.debug_str      0x00000000      0x318
 *(.debug_str)
 .debug_str     0x00000000      0x318 C:/Program Files/Microchip/MPLABX/v5.45/packs/Microchip/ATmega_DFP/2.2.108/gcc/dev/atmega328pb/avr5/crtatmega328pb.o

.debug_loc
 *(.debug_loc)

.debug_macinfo
 *(.debug_macinfo)

.debug_weaknames
 *(.debug_weaknames)

.debug_funcnames
 *(.debug_funcnames)

.debug_typenames
 *(.debug_typenames)

.debug_varnames
 *(.debug_varnames)

.debug_pubtypes
 *(.debug_pubtypes)

.debug_ranges
 *(.debug_ranges)

.debug_macro
 *(.debug_macro)
OUTPUT(dist/default/production/Mplab328pb.X.production.elf elf32-avr)
LOAD linker stubs
